ENCFF099VXK	../ENCFF099VXK.tsv	ileum_r1	tissue	adult
ENCFF262LUK	../ENCFF262LUK.tsv	ileum_r2	tissue	adult
ENCFF336VFB	../ENCFF336VFB.tsv	ileum_r3	tissue	adult
ENCFF488GDA	../ENCFF488GDA.tsv	ileum_r4	tissue	adult
ENCFF562GBJ	../ENCFF562GBJ.tsv	suprapubic_skin_r1	tissue	adult
ENCFF199LCR	../ENCFF199LCR.tsv	suprapubic_skin_r2	tissue	adult
ENCFF633OSJ	../ENCFF633OSJ.tsv	suprapubic_skin_r3	tissue	adult
ENCFF341IAQ	../ENCFF341IAQ.tsv	suprapubic_skin_r4	tissue	adult
ENCFF474KYX	../ENCFF474KYX.tsv	spleen_r1	tissue	adult
ENCFF653LOC	../ENCFF653LOC.tsv	spleen_r2	tissue	adult
ENCFF479YBA	../ENCFF479YBA.tsv	spleen_r3	tissue	adult
ENCFF597HTT	../ENCFF597HTT.tsv	tibial_nerve_r1	tissue	adult
ENCFF046AFQ	../ENCFF046AFQ.tsv	tibial_nerve_r2	tissue	adult
ENCFF733AVY	../ENCFF733AVY.tsv	tibial_nerve_r3	tissue	adult
ENCFF470ZWQ	../ENCFF470ZWQ.tsv	tibial_nerve_r4	tissue	adult
ENCFF870OYA	../ENCFF870OYA.tsv	pancreas_r1	tissue	adult
ENCFF839NBX	../ENCFF839NBX.tsv	pancreas_r2	tissue	adult
ENCFF132XQU	../ENCFF132XQU.tsv	female_gonad_r1	tissue	adult
ENCFF809AOV	../ENCFF809AOV.tsv	female_gonad_r2	tissue	adult
ENCFF310PUB	../ENCFF310PUB.tsv	skeletal_muscle_r1	tissue	adult
ENCFF288FRR	../ENCFF288FRR.tsv	skeletal_muscle_r2	tissue	adult
ENCFF884JDN	../ENCFF884JDN.tsv	heart_left_ventricle_r1	tissue	adult
ENCFF862LZL	../ENCFF862LZL.tsv	heart_left_ventricle_r2	tissue	adult
ENCFF940KYP	../ENCFF940KYP.tsv	right_cardiac_atrium_r1	tissue	adult
ENCFF132SDD	../ENCFF132SDD.tsv	right_cardiac_atrium_r2	tissue	adult
ENCFF979EDZ	../ENCFF979EDZ.tsv	right_lobe_of_liver_r1	tissue	adult
ENCFF086GFD	../ENCFF086GFD.tsv	right_lobe_of_liver_r2	tissue	adult
ENCFF082SUT	../ENCFF082SUT.tsv	mammary_gland_r1	tissue	adult
ENCFF386KWD	../ENCFF386KWD.tsv	mammary_gland_r2	tissue	adult
ENCFF468KRF	../ENCFF468KRF.tsv	mammary_gland_r3	tissue	adult
ENCFF489AKC	../ENCFF489AKC.tsv	adipose_tissue_of_omentum_r1	tissue	adult
ENCFF950QMP	../ENCFF950QMP.tsv	adipose_tissue_of_omentum_r2	tissue	adult
ENCFF016CBS	../ENCFF016CBS.tsv	omentum	tissue	adult
ENCFF234RCB	../ENCFF234RCB.tsv	adipose_tissue_of_omentum_r3	tissue	adult
ENCFF591NTB	../ENCFF591NTB.tsv	muscle_layer_of_esophagus_r1	tissue	adult
ENCFF925IQG	../ENCFF925IQG.tsv	muscle_layer_of_esophagus_r2	tissue	adult
ENCFF413HMS	../ENCFF413HMS.tsv	muscle_layer_of_esophagus_r3	tissue	adult
ENCFF288ZVS	../ENCFF288ZVS.tsv	muscle_layer_of_esophagus_r4	tissue	adult
ENCFF139PZL	../ENCFF139PZL.tsv	upper_lobe_of_left_lung_r1	tissue	adult
ENCFF692ULG	../ENCFF692ULG.tsv	upper_lobe_of_left_lung_r2	tissue	adult
ENCFF808NEL	../ENCFF808NEL.tsv	upper_lobe_of_left_lung_r3	tissue	adult
ENCFF042JPR	../ENCFF042JPR.tsv	upper_lobe_of_left_lung_r4	tissue	adult
ENCFF408GFZ	../ENCFF408GFZ.tsv	adipose_tissue_r1	tissue	adult
ENCFF708QKN	../ENCFF708QKN.tsv	adipose_tissue_r2	tissue	adult
ENCFF365KLE	../ENCFF365KLE.tsv	adipose_tissue_r3	tissue	adult
ENCFF857WCE	../ENCFF857WCE.tsv	adipose_tissue_r4	tissue	adult
ENCFF658ESI	../ENCFF658ESI.tsv	skeletal_muscle_r5	tissue	adult
ENCFF268RWA	../ENCFF268RWA.tsv	sigmoid_colon_r1	tissue	adult
ENCFF594SGW	../ENCFF594SGW.tsv	esophagogastric_junction_r1	tissue	adult
ENCFF697OWF	../ENCFF697OWF.tsv	sigmoid_colon_r2	tissue	adult
ENCFF519MGF	../ENCFF519MGF.tsv	esophagus_mucosa_r1	tissue	adult
ENCFF944ZJI	../ENCFF944ZJI.tsv	esophagus_mucosa_r2	tissue	adult
ENCFF440IKM	../ENCFF440IKM.tsv	esophagogastric_junction_r2	tissue	adult
ENCFF885HSL	../ENCFF885HSL.tsv	transverse_colon_r1	tissue	adult
ENCFF630RAI	../ENCFF630RAI.tsv	transverse_colon_r2	tissue	adult
ENCFF595YRJ	../ENCFF595YRJ.tsv	esophagogastric_junction_r3	tissue	adult
ENCFF475AXH	../ENCFF475AXH.tsv	esophagogastric_junction_r4	tissue	adult
ENCFF760KKJ	../ENCFF760KKJ.tsv	esophagus_mucosa_r3	tissue	adult
ENCFF676OTF	../ENCFF676OTF.tsv	esophagus_mucosa_r4	tissue	adult
ENCFF365ZMW	../ENCFF365ZMW.tsv	sigmoid_colon_r3	tissue	adult
ENCFF517LAP	../ENCFF517LAP.tsv	sigmoid_colon_r4	tissue	adult
ENCFF759FWZ	../ENCFF759FWZ.tsv	lower_leg_skin_r1	tissue	adult
ENCFF187DQQ	../ENCFF187DQQ.tsv	lower_leg_skin_r2	tissue	adult
ENCFF866FEY	../ENCFF866FEY.tsv	aorta_r1	tissue	adult
ENCFF783MER	../ENCFF783MER.tsv	adrenal_gland_r1	tissue	adult
ENCFF212SUD	../ENCFF212SUD.tsv	adrenal_gland_r2	tissue	adult
ENCFF090CMK	../ENCFF090CMK.tsv	skeletal_muscle_r3	tissue	adult
ENCFF688TXB	../ENCFF688TXB.tsv	skeletal_muscle_r4	tissue	adult
ENCFF083NSQ	../ENCFF083NSQ.tsv	thyroid_gland_r1	tissue	adult
ENCFF375LTB	../ENCFF375LTB.tsv	thyroid_gland_r2	tissue	adult
ENCFF199BWJ	../ENCFF199BWJ.tsv	aorta_r2	tissue	adult
ENCFF979PZW	../ENCFF979PZW.tsv	aorta_r3	tissue	adult
ENCFF964UAS	../ENCFF964UAS.tsv	adrenal_gland_r3	tissue	adult
ENCFF370MMM	../ENCFF370MMM.tsv	adrenal_gland_r4	tissue	adult
ENCFF418BVF	../ENCFF418BVF.tsv	liver_r1	tissue	adult,_child
ENCFF804QWF	../ENCFF804QWF.tsv	liver_r2	tissue	adult,_child
ENCFF592KZK	../ENCFF592KZK.tsv	liver_r3	tissue	adult,_child
ENCFF203UGC	../ENCFF203UGC.tsv	liver_r4	tissue	adult,_child
ENCFF282JYK	../ENCFF282JYK.tsv	thyroid_gland_r3	tissue	adult
ENCFF962ZAQ	../ENCFF962ZAQ.tsv	thyroid_gland_r4	tissue	adult
ENCFF965IQH	../ENCFF965IQH.tsv	liver_r5	tissue	adult,_child
ENCFF918SJO	../ENCFF918SJO.tsv	liver_r6	tissue	adult,_child
ENCFF233YIF	../ENCFF233YIF.tsv	liver_r7	tissue	adult,_child
ENCFF973HRL	../ENCFF973HRL.tsv	liver_r8	tissue	adult,_child
ENCFF717FSL	../ENCFF717FSL.tsv	heart_r1	tissue	adult
ENCFF745POT	../ENCFF745POT.tsv	heart_r2	tissue	adult
