http://epigenomesportal.ca/tracks/GIS/hg19/63985.GIS.S1_BA9.H3K27ac.signal_unstranded.bigWig
http://epigenomesportal.ca/tracks/GIS/hg19/63986.GIS.S4_CB.H3K27ac.signal_unstranded.bigWig
http://epigenomesportal.ca/tracks/GIS/hg19/63987.GIS.S42_BA9.H3K27ac.signal_unstranded.bigWig
http://epigenomesportal.ca/tracks/GIS/hg19/63988.GIS.S42_VERMIS.H3K27ac.signal_unstranded.bigWig
http://epigenomesportal.ca/tracks/GIS/hg19/63989.GIS.S42_BA38.H3K27ac.signal_unstranded.bigWig
http://epigenomesportal.ca/tracks/GIS/hg19/63990.GIS.S43_BA9.H3K27ac.signal_unstranded.bigWig
http://epigenomesportal.ca/tracks/GIS/hg19/63991.GIS.S43_VERMIS.H3K27ac.signal_unstranded.bigWig
http://epigenomesportal.ca/tracks/GIS/hg19/63992.GIS.S43_BA41_42_22.H3K27ac.signal_unstranded.bigWig
http://epigenomesportal.ca/tracks/GIS/hg19/63993.GIS.S44_VERMIS.H3K27ac.signal_unstranded.bigWig
http://epigenomesportal.ca/tracks/GIS/hg19/63994.GIS.S44_BA44_45.H3K27ac.signal_unstranded.bigWig
http://epigenomesportal.ca/tracks/GIS/hg19/63995.GIS.S44_BA41_42_22.H3K27ac.signal_unstranded.bigWig
http://epigenomesportal.ca/tracks/GIS/hg19/63996.GIS.S45_BA41_42_22.H3K27ac.signal_unstranded.bigWig
http://epigenomesportal.ca/tracks/GIS/hg19/63997.GIS.S5_BA9.H3K27ac.signal_unstranded.bigWig
http://epigenomesportal.ca/tracks/GIS/hg19/63998.GIS.S45_CB.H3K27ac.signal_unstranded.bigWig
http://epigenomesportal.ca/tracks/GIS/hg19/63999.GIS.S46_BA44_45.H3K27ac.signal_unstranded.bigWig
http://epigenomesportal.ca/tracks/GIS/hg19/64000.GIS.S46_BA38.H3K27ac.signal_unstranded.bigWig
http://epigenomesportal.ca/tracks/GIS/hg19/64001.GIS.S46_VERMIS.H3K27ac.signal_unstranded.bigWig
http://epigenomesportal.ca/tracks/GIS/hg19/64002.GIS.S47_BA9.H3K27ac.signal_unstranded.bigWig
http://epigenomesportal.ca/tracks/GIS/hg19/64003.GIS.S47_BA41_42_22.H3K27ac.signal_unstranded.bigWig
http://epigenomesportal.ca/tracks/GIS/hg19/64004.GIS.S48_BA9.H3K27ac.signal_unstranded.bigWig
http://epigenomesportal.ca/tracks/GIS/hg19/64005.GIS.S48_VERMIS.H3K27ac.signal_unstranded.bigWig
http://epigenomesportal.ca/tracks/GIS/hg19/64006.GIS.S48_BA41_42_22.H3K27ac.signal_unstranded.bigWig
http://epigenomesportal.ca/tracks/GIS/hg19/64007.GIS.S49_BA9.H3K27ac.signal_unstranded.bigWig
http://epigenomesportal.ca/tracks/GIS/hg19/64008.GIS.S5_BA41_42_22.H3K27ac.signal_unstranded.bigWig
http://epigenomesportal.ca/tracks/GIS/hg19/64009.GIS.S49_BA41_42_22.H3K27ac.signal_unstranded.bigWig
http://epigenomesportal.ca/tracks/GIS/hg19/64010.GIS.S49_VERMIS.H3K27ac.signal_unstranded.bigWig
http://epigenomesportal.ca/tracks/GIS/hg19/64011.GIS.S50_BA41_42_22.H3K27ac.signal_unstranded.bigWig
http://epigenomesportal.ca/tracks/GIS/hg19/64012.GIS.S50_VERMIS.H3K27ac.signal_unstranded.bigWig
http://epigenomesportal.ca/tracks/GIS/hg19/64013.GIS.S50_BA24.H3K27ac.signal_unstranded.bigWig
http://epigenomesportal.ca/tracks/GIS/hg19/64014.GIS.S51_BA9.H3K27ac.signal_unstranded.bigWig
http://epigenomesportal.ca/tracks/GIS/hg19/64015.GIS.S51_BA41_42_22.H3K27ac.signal_unstranded.bigWig
http://epigenomesportal.ca/tracks/GIS/hg19/64016.GIS.S51_VERMIS.H3K27ac.signal_unstranded.bigWig
http://epigenomesportal.ca/tracks/GIS/hg19/64017.GIS.S52_BA9.H3K27ac.signal_unstranded.bigWig
http://epigenomesportal.ca/tracks/GIS/hg19/64018.GIS.S52_BA41_42_22.H3K27ac.signal_unstranded.bigWig
http://epigenomesportal.ca/tracks/GIS/hg19/64019.GIS.S5_VERMIS.H3K27ac.signal_unstranded.bigWig
http://epigenomesportal.ca/tracks/GIS/hg19/64020.GIS.S52_VERMIS.H3K27ac.signal_unstranded.bigWig
http://epigenomesportal.ca/tracks/GIS/hg19/64021.GIS.S53_BA9.H3K27ac.signal_unstranded.bigWig
http://epigenomesportal.ca/tracks/GIS/hg19/64022.GIS.S53_CB.H3K27ac.signal_unstranded.bigWig
http://epigenomesportal.ca/tracks/GIS/hg19/64023.GIS.S54_BA9.H3K27ac.signal_unstranded.bigWig
http://epigenomesportal.ca/tracks/GIS/hg19/64024.GIS.S54_VERMIS.H3K27ac.signal_unstranded.bigWig
http://epigenomesportal.ca/tracks/GIS/hg19/64025.GIS.S54_BA41_42_22.H3K27ac.signal_unstranded.bigWig
http://epigenomesportal.ca/tracks/GIS/hg19/64026.GIS.S55_BA41_42_22.H3K27ac.signal_unstranded.bigWig
http://epigenomesportal.ca/tracks/GIS/hg19/64027.GIS.S55_VERMIS.H3K27ac.signal_unstranded.bigWig
http://epigenomesportal.ca/tracks/GIS/hg19/64028.GIS.S56_VERMIS.H3K27ac.signal_unstranded.bigWig
http://epigenomesportal.ca/tracks/GIS/hg19/64029.GIS.S56_BA41_42_22.H3K27ac.signal_unstranded.bigWig
http://epigenomesportal.ca/tracks/GIS/hg19/64030.GIS.S6_BA9.H3K27ac.signal_unstranded.bigWig
http://epigenomesportal.ca/tracks/GIS/hg19/64031.GIS.S56_BA9.H3K27ac.signal_unstranded.bigWig
http://epigenomesportal.ca/tracks/GIS/hg19/64032.GIS.S57_VERMIS.H3K27ac.signal_unstranded.bigWig
http://epigenomesportal.ca/tracks/GIS/hg19/64033.GIS.S57_BA41_42_22.H3K27ac.signal_unstranded.bigWig
http://epigenomesportal.ca/tracks/GIS/hg19/64034.GIS.S58_VERMIS.H3K27ac.signal_unstranded.bigWig
http://epigenomesportal.ca/tracks/GIS/hg19/64035.GIS.S58_BA20.H3K27ac.signal_unstranded.bigWig
http://epigenomesportal.ca/tracks/GIS/hg19/64036.GIS.S58_BA45.H3K27ac.signal_unstranded.bigWig
http://epigenomesportal.ca/tracks/GIS/hg19/64037.GIS.S59_BA9.H3K27ac.signal_unstranded.bigWig
http://epigenomesportal.ca/tracks/GIS/hg19/64038.GIS.S59_VERMIS.H3K27ac.signal_unstranded.bigWig
http://epigenomesportal.ca/tracks/GIS/hg19/64039.GIS.S59_BA38.H3K27ac.signal_unstranded.bigWig
http://epigenomesportal.ca/tracks/GIS/hg19/64040.GIS.S60_BA9.H3K27ac.signal_unstranded.bigWig
http://epigenomesportal.ca/tracks/GIS/hg19/64041.GIS.S7_BA9.H3K27ac.signal_unstranded.bigWig
http://epigenomesportal.ca/tracks/GIS/hg19/64042.GIS.S60_VERMIS.H3K27ac.signal_unstranded.bigWig
http://epigenomesportal.ca/tracks/GIS/hg19/64043.GIS.S60_BA20_37.H3K27ac.signal_unstranded.bigWig
http://epigenomesportal.ca/tracks/GIS/hg19/64044.GIS.S61_BA9.H3K27ac.signal_unstranded.bigWig
http://epigenomesportal.ca/tracks/GIS/hg19/64045.GIS.S61_VERMIS.H3K27ac.signal_unstranded.bigWig
http://epigenomesportal.ca/tracks/GIS/hg19/64046.GIS.S62_BA44_45.H3K27ac.signal_unstranded.bigWig
http://epigenomesportal.ca/tracks/GIS/hg19/64047.GIS.S62_VERMIS.H3K27ac.signal_unstranded.bigWig
http://epigenomesportal.ca/tracks/GIS/hg19/64048.GIS.S63_BA9.H3K27ac.signal_unstranded.bigWig
http://epigenomesportal.ca/tracks/GIS/hg19/64049.GIS.S63_VERMIS.H3K27ac.signal_unstranded.bigWig
http://epigenomesportal.ca/tracks/GIS/hg19/64050.GIS.S63_BA41_42_22.H3K27ac.signal_unstranded.bigWig
http://epigenomesportal.ca/tracks/GIS/hg19/64051.GIS.S64_BA41_42_22.H3K27ac.signal_unstranded.bigWig
http://epigenomesportal.ca/tracks/GIS/hg19/64052.GIS.S7_CB.H3K27ac.signal_unstranded.bigWig
http://epigenomesportal.ca/tracks/GIS/hg19/64053.GIS.S64_VERMIS.H3K27ac.signal_unstranded.bigWig
http://epigenomesportal.ca/tracks/GIS/hg19/64054.GIS.S64_BA9.H3K27ac.signal_unstranded.bigWig
http://epigenomesportal.ca/tracks/GIS/hg19/64055.GIS.S65_BA9.H3K27ac.signal_unstranded.bigWig
http://epigenomesportal.ca/tracks/GIS/hg19/64056.GIS.S65_VERMIS.H3K27ac.signal_unstranded.bigWig
http://epigenomesportal.ca/tracks/GIS/hg19/64057.GIS.S65_BA41_42_22.H3K27ac.signal_unstranded.bigWig
http://epigenomesportal.ca/tracks/GIS/hg19/64058.GIS.S66_BA9.H3K27ac.signal_unstranded.bigWig
http://epigenomesportal.ca/tracks/GIS/hg19/64059.GIS.S66_BA41_42_22.H3K27ac.signal_unstranded.bigWig
http://epigenomesportal.ca/tracks/GIS/hg19/64060.GIS.S66_VERMIS.H3K27ac.signal_unstranded.bigWig
http://epigenomesportal.ca/tracks/GIS/hg19/64061.GIS.S67_VERMIS.H3K27ac.signal_unstranded.bigWig
http://epigenomesportal.ca/tracks/GIS/hg19/64062.GIS.S67_BA45.H3K27ac.signal_unstranded.bigWig
http://epigenomesportal.ca/tracks/GIS/hg19/64063.GIS.S7_BA41_42_22.H3K27ac.signal_unstranded.bigWig
http://epigenomesportal.ca/tracks/GIS/hg19/64064.GIS.S68_BA9.H3K27ac.signal_unstranded.bigWig
http://epigenomesportal.ca/tracks/GIS/hg19/64065.GIS.S68_VERMIS.H3K27ac.signal_unstranded.bigWig
http://epigenomesportal.ca/tracks/GIS/hg19/64066.GIS.S68_BA41_42_22.H3K27ac.signal_unstranded.bigWig
http://epigenomesportal.ca/tracks/GIS/hg19/64067.GIS.S69_BA9.H3K27ac.signal_unstranded.bigWig
http://epigenomesportal.ca/tracks/GIS/hg19/64068.GIS.S69_VERMIS.H3K27ac.signal_unstranded.bigWig
http://epigenomesportal.ca/tracks/GIS/hg19/64069.GIS.S69_BA41_42_22.H3K27ac.signal_unstranded.bigWig
http://epigenomesportal.ca/tracks/GIS/hg19/64070.GIS.S70_BA9.H3K27ac.signal_unstranded.bigWig
http://epigenomesportal.ca/tracks/GIS/hg19/64071.GIS.S70_CB.H3K27ac.signal_unstranded.bigWig
http://epigenomesportal.ca/tracks/GIS/hg19/64072.GIS.S71_BA9.H3K27ac.signal_unstranded.bigWig
http://epigenomesportal.ca/tracks/GIS/hg19/64073.GIS.S71_BA41_42_22.H3K27ac.signal_unstranded.bigWig
http://epigenomesportal.ca/tracks/GIS/hg19/64074.GIS.S8_CB.H3K27ac.signal_unstranded.bigWig
http://epigenomesportal.ca/tracks/GIS/hg19/64075.GIS.S72_BA41_42_22.H3K27ac.signal_unstranded.bigWig
http://epigenomesportal.ca/tracks/GIS/hg19/64076.GIS.S72_BA9.H3K27ac.signal_unstranded.bigWig
http://epigenomesportal.ca/tracks/GIS/hg19/64077.GIS.S73_BA9.H3K27ac.signal_unstranded.bigWig
http://epigenomesportal.ca/tracks/GIS/hg19/64078.GIS.S73_BA41_42_22.H3K27ac.signal_unstranded.bigWig
http://epigenomesportal.ca/tracks/GIS/hg19/64079.GIS.S74_BA9.H3K27ac.signal_unstranded.bigWig
http://epigenomesportal.ca/tracks/GIS/hg19/64080.GIS.S74_BA41_42_22.H3K27ac.signal_unstranded.bigWig
http://epigenomesportal.ca/tracks/GIS/hg19/64081.GIS.S74_CB.H3K27ac.signal_unstranded.bigWig
http://epigenomesportal.ca/tracks/GIS/hg19/64082.GIS.S75_BA9.H3K27ac.signal_unstranded.bigWig
http://epigenomesportal.ca/tracks/GIS/hg19/64083.GIS.S75_CB.H3K27ac.signal_unstranded.bigWig
http://epigenomesportal.ca/tracks/GIS/hg19/64084.GIS.S76_BA9.H3K27ac.signal_unstranded.bigWig
http://epigenomesportal.ca/tracks/GIS/hg19/64085.GIS.S8_BA41_42_22.H3K27ac.signal_unstranded.bigWig
http://epigenomesportal.ca/tracks/GIS/hg19/64086.GIS.S76_BA41_42_22.H3K27ac.signal_unstranded.bigWig
http://epigenomesportal.ca/tracks/GIS/hg19/64087.GIS.S77_BA9.H3K27ac.signal_unstranded.bigWig
http://epigenomesportal.ca/tracks/GIS/hg19/64088.GIS.S77_BA41_42_22.H3K27ac.signal_unstranded.bigWig
http://epigenomesportal.ca/tracks/GIS/hg19/64089.GIS.S77_CB.H3K27ac.signal_unstranded.bigWig
http://epigenomesportal.ca/tracks/GIS/hg19/64090.GIS.S78_BA9.H3K27ac.signal_unstranded.bigWig
http://epigenomesportal.ca/tracks/GIS/hg19/64091.GIS.S78_BA41_42_22.H3K27ac.signal_unstranded.bigWig
http://epigenomesportal.ca/tracks/GIS/hg19/64092.GIS.S78_CB.H3K27ac.signal_unstranded.bigWig
http://epigenomesportal.ca/tracks/GIS/hg19/64093.GIS.S79_BA9.H3K27ac.signal_unstranded.bigWig
http://epigenomesportal.ca/tracks/GIS/hg19/64094.GIS.S79_CB.H3K27ac.signal_unstranded.bigWig
http://epigenomesportal.ca/tracks/GIS/hg19/64095.GIS.S80_BA9.H3K27ac.signal_unstranded.bigWig
http://epigenomesportal.ca/tracks/GIS/hg19/64096.GIS.S1_BA41_42_22.H3K27ac.signal_unstranded.bigWig
http://epigenomesportal.ca/tracks/GIS/hg19/64097.GIS.S9_BA9.H3K27ac.signal_unstranded.bigWig
http://epigenomesportal.ca/tracks/GIS/hg19/64098.GIS.S80_CB.H3K27ac.signal_unstranded.bigWig
http://epigenomesportal.ca/tracks/GIS/hg19/64099.GIS.S80_BA41_42_22.H3K27ac.signal_unstranded.bigWig
http://epigenomesportal.ca/tracks/GIS/hg19/64100.GIS.S81_CB.H3K27ac.signal_unstranded.bigWig
http://epigenomesportal.ca/tracks/GIS/hg19/64101.GIS.S82_CB.H3K27ac.signal_unstranded.bigWig
http://epigenomesportal.ca/tracks/GIS/hg19/64102.GIS.S83_CB.H3K27ac.signal_unstranded.bigWig
http://epigenomesportal.ca/tracks/GIS/hg19/64103.GIS.S83_BA9.H3K27ac.signal_unstranded.bigWig
http://epigenomesportal.ca/tracks/GIS/hg19/64104.GIS.S83_BA41_42_22.H3K27ac.signal_unstranded.bigWig
http://epigenomesportal.ca/tracks/GIS/hg19/64105.GIS.S84_BA9.H3K27ac.signal_unstranded.bigWig
http://epigenomesportal.ca/tracks/GIS/hg19/64106.GIS.S84_BA41_42_22.H3K27ac.signal_unstranded.bigWig
http://epigenomesportal.ca/tracks/GIS/hg19/64107.GIS.S85_BA9.H3K27ac.signal_unstranded.bigWig
http://epigenomesportal.ca/tracks/GIS/hg19/64108.GIS.S9_BA41_42_22.H3K27ac.signal_unstranded.bigWig
http://epigenomesportal.ca/tracks/GIS/hg19/64109.GIS.S85_CB.H3K27ac.signal_unstranded.bigWig
http://epigenomesportal.ca/tracks/GIS/hg19/64110.GIS.S85_BA41_42_22.H3K27ac.signal_unstranded.bigWig
http://epigenomesportal.ca/tracks/GIS/hg19/64111.GIS.S86_BA9.H3K27ac.signal_unstranded.bigWig
http://epigenomesportal.ca/tracks/GIS/hg19/64112.GIS.S86_BA41_42_22.H3K27ac.signal_unstranded.bigWig
http://epigenomesportal.ca/tracks/GIS/hg19/64113.GIS.S86_CB.H3K27ac.signal_unstranded.bigWig
http://epigenomesportal.ca/tracks/GIS/hg19/64114.GIS.S87_BA9.H3K27ac.signal_unstranded.bigWig
http://epigenomesportal.ca/tracks/GIS/hg19/64115.GIS.S87_BA41_42_22.H3K27ac.signal_unstranded.bigWig
http://epigenomesportal.ca/tracks/GIS/hg19/64116.GIS.S87_CB.H3K27ac.signal_unstranded.bigWig
http://epigenomesportal.ca/tracks/GIS/hg19/64117.GIS.S88_BA41_42_22.H3K27ac.signal_unstranded.bigWig
http://epigenomesportal.ca/tracks/GIS/hg19/64118.GIS.S88_BA9.H3K27ac.signal_unstranded.bigWig
http://epigenomesportal.ca/tracks/GIS/hg19/64119.GIS.S9_CB.H3K27ac.signal_unstranded.bigWig
http://epigenomesportal.ca/tracks/GIS/hg19/64120.GIS.S88_CB.H3K27ac.signal_unstranded.bigWig
http://epigenomesportal.ca/tracks/GIS/hg19/64121.GIS.S89_VERMIS.H3K27ac.signal_unstranded.bigWig
http://epigenomesportal.ca/tracks/GIS/hg19/64122.GIS.S90_BA41_42.H3K27ac.signal_unstranded.bigWig
http://epigenomesportal.ca/tracks/GIS/hg19/64123.GIS.S90_VERMIS.H3K27ac.signal_unstranded.bigWig
http://epigenomesportal.ca/tracks/GIS/hg19/64124.GIS.S90_PFC.H3K27ac.signal_unstranded.bigWig
http://epigenomesportal.ca/tracks/GIS/hg19/64125.GIS.S91_BA9.H3K27ac.signal_unstranded.bigWig
http://epigenomesportal.ca/tracks/GIS/hg19/64126.GIS.S91_VERMIS.H3K27ac.signal_unstranded.bigWig
http://epigenomesportal.ca/tracks/GIS/hg19/64127.GIS.S92_VERMIS.H3K27ac.signal_unstranded.bigWig
http://epigenomesportal.ca/tracks/GIS/hg19/64128.GIS.S92_BA9.H3K27ac.signal_unstranded.bigWig
http://epigenomesportal.ca/tracks/GIS/hg19/64129.GIS.S93_VERMIS.H3K27ac.signal_unstranded.bigWig
http://epigenomesportal.ca/tracks/GIS/hg19/64130.GIS.S10_BA9.H3K27ac.signal_unstranded.bigWig
http://epigenomesportal.ca/tracks/GIS/hg19/64131.GIS.S93_BA41_42.H3K27ac.signal_unstranded.bigWig
http://epigenomesportal.ca/tracks/GIS/hg19/64132.GIS.S94_BA41_42_22.H3K27ac.signal_unstranded.bigWig
http://epigenomesportal.ca/tracks/GIS/hg19/64133.GIS.S94_BA9.H3K27ac.signal_unstranded.bigWig
http://epigenomesportal.ca/tracks/GIS/hg19/64134.GIS.S95_BA41_42_22.H3K27ac.signal_unstranded.bigWig
http://epigenomesportal.ca/tracks/GIS/hg19/64135.GIS.S95_BA9.H3K27ac.signal_unstranded.bigWig
http://epigenomesportal.ca/tracks/GIS/hg19/64136.GIS.S95_BA41_42.H3K27ac.signal_unstranded.bigWig
http://epigenomesportal.ca/tracks/GIS/hg19/64137.GIS.S95_VERMIS.H3K27ac.signal_unstranded.bigWig
http://epigenomesportal.ca/tracks/GIS/hg19/64138.GIS.S96_BA41_42_22.H3K27ac.signal_unstranded.bigWig
http://epigenomesportal.ca/tracks/GIS/hg19/64139.GIS.S97_PFC.H3K27ac.signal_unstranded.bigWig
http://epigenomesportal.ca/tracks/GIS/hg19/64140.GIS.S97_VERMIS.H3K27ac.signal_unstranded.bigWig
http://epigenomesportal.ca/tracks/GIS/hg19/64141.GIS.S10_CB.H3K27ac.signal_unstranded.bigWig
http://epigenomesportal.ca/tracks/GIS/hg19/64142.GIS.S98_BA9.H3K27ac.signal_unstranded.bigWig
http://epigenomesportal.ca/tracks/GIS/hg19/64143.GIS.S98_VERMIS.H3K27ac.signal_unstranded.bigWig
http://epigenomesportal.ca/tracks/GIS/hg19/64144.GIS.S98_BA41_42.H3K27ac.signal_unstranded.bigWig
http://epigenomesportal.ca/tracks/GIS/hg19/64145.GIS.S99_VERMIS.H3K27ac.signal_unstranded.bigWig
http://epigenomesportal.ca/tracks/GIS/hg19/64146.GIS.S99_BA41_42_22.H3K27ac.signal_unstranded.bigWig
http://epigenomesportal.ca/tracks/GIS/hg19/64147.GIS.S100_BA9_rep1.H3K27ac.signal_unstranded.bigWig
http://epigenomesportal.ca/tracks/GIS/hg19/64148.GIS.S100_BA41_42_22.H3K27ac.signal_unstranded.bigWig
http://epigenomesportal.ca/tracks/GIS/hg19/64149.GIS.S100_VERMIS.H3K27ac.signal_unstranded.bigWig
http://epigenomesportal.ca/tracks/GIS/hg19/64150.GIS.S100_BA9_rep2.H3K27ac.signal_unstranded.bigWig
http://epigenomesportal.ca/tracks/GIS/hg19/64151.GIS.S100_BA41_42.H3K27ac.signal_unstranded.bigWig
http://epigenomesportal.ca/tracks/GIS/hg19/64152.GIS.S11_BA9.H3K27ac.signal_unstranded.bigWig
http://epigenomesportal.ca/tracks/GIS/hg19/64153.GIS.S101_BA9.H3K27ac.signal_unstranded.bigWig
http://epigenomesportal.ca/tracks/GIS/hg19/64154.GIS.S101_BA41_42.H3K27ac.signal_unstranded.bigWig
http://epigenomesportal.ca/tracks/GIS/hg19/64155.GIS.S102_VERMIS.H3K27ac.signal_unstranded.bigWig
http://epigenomesportal.ca/tracks/GIS/hg19/64156.GIS.S102_BA9.H3K27ac.signal_unstranded.bigWig
http://epigenomesportal.ca/tracks/GIS/hg19/64157.GIS.S103_BA9.H3K27ac.signal_unstranded.bigWig
http://epigenomesportal.ca/tracks/GIS/hg19/64158.GIS.S103_VERMIS.H3K27ac.signal_unstranded.bigWig
http://epigenomesportal.ca/tracks/GIS/hg19/64159.GIS.S104_BA9.H3K27ac.signal_unstranded.bigWig
http://epigenomesportal.ca/tracks/GIS/hg19/64160.GIS.S104_VERMIS.H3K27ac.signal_unstranded.bigWig
http://epigenomesportal.ca/tracks/GIS/hg19/64161.GIS.S105_VERMIS.H3K27ac.signal_unstranded.bigWig
http://epigenomesportal.ca/tracks/GIS/hg19/64162.GIS.S106_VERMIS.H3K27ac.signal_unstranded.bigWig
http://epigenomesportal.ca/tracks/GIS/hg19/64163.GIS.S11_BA41_42_22.H3K27ac.signal_unstranded.bigWig
http://epigenomesportal.ca/tracks/GIS/hg19/64164.GIS.S106_BA9.H3K27ac.signal_unstranded.bigWig
http://epigenomesportal.ca/tracks/GIS/hg19/64165.GIS.S107_CB.H3K27ac.signal_unstranded.bigWig
http://epigenomesportal.ca/tracks/GIS/hg19/64166.GIS.S107_BA22.H3K27ac.signal_unstranded.bigWig
http://epigenomesportal.ca/tracks/GIS/hg19/64167.GIS.S108_BA41_42_22.H3K27ac.signal_unstranded.bigWig
http://epigenomesportal.ca/tracks/GIS/hg19/64168.GIS.S108_BA9.H3K27ac.signal_unstranded.bigWig
http://epigenomesportal.ca/tracks/GIS/hg19/64169.GIS.S108_BA41_42.H3K27ac.signal_unstranded.bigWig
http://epigenomesportal.ca/tracks/GIS/hg19/64170.GIS.S108_VERMIS.H3K27ac.signal_unstranded.bigWig
http://epigenomesportal.ca/tracks/GIS/hg19/64171.GIS.S109_VERMIS.H3K27ac.signal_unstranded.bigWig
http://epigenomesportal.ca/tracks/GIS/hg19/64172.GIS.S109_BA41_42_22.H3K27ac.signal_unstranded.bigWig
http://epigenomesportal.ca/tracks/GIS/hg19/64173.GIS.S109_BA9.H3K27ac.signal_unstranded.bigWig
http://epigenomesportal.ca/tracks/GIS/hg19/64174.GIS.S11_CB.H3K27ac.signal_unstranded.bigWig
http://epigenomesportal.ca/tracks/GIS/hg19/64175.GIS.S110_BA9_rep1.H3K27ac.signal_unstranded.bigWig
http://epigenomesportal.ca/tracks/GIS/hg19/64176.GIS.S110_BA41_42_22.H3K27ac.signal_unstranded.bigWig
http://epigenomesportal.ca/tracks/GIS/hg19/64177.GIS.S110_BA9_rep2.H3K27ac.signal_unstranded.bigWig
http://epigenomesportal.ca/tracks/GIS/hg19/64178.GIS.S110_VERMIS.H3K27ac.signal_unstranded.bigWig
http://epigenomesportal.ca/tracks/GIS/hg19/64179.GIS.S111_BA41_42_22.H3K27ac.signal_unstranded.bigWig
http://epigenomesportal.ca/tracks/GIS/hg19/64180.GIS.S111_BA9.H3K27ac.signal_unstranded.bigWig
http://epigenomesportal.ca/tracks/GIS/hg19/64181.GIS.S111_VERMIS.H3K27ac.signal_unstranded.bigWig
http://epigenomesportal.ca/tracks/GIS/hg19/64182.GIS.S112_BA41_42.H3K27ac.signal_unstranded.bigWig
http://epigenomesportal.ca/tracks/GIS/hg19/64183.GIS.S112_BA9.H3K27ac.signal_unstranded.bigWig
http://epigenomesportal.ca/tracks/GIS/hg19/64184.GIS.S113_BA9.H3K27ac.signal_unstranded.bigWig
http://epigenomesportal.ca/tracks/GIS/hg19/64185.GIS.S12_BA41_42_22.H3K27ac.signal_unstranded.bigWig
http://epigenomesportal.ca/tracks/GIS/hg19/64186.GIS.S113_VERMIS.H3K27ac.signal_unstranded.bigWig
http://epigenomesportal.ca/tracks/GIS/hg19/64187.GIS.S114_BA9.H3K27ac.signal_unstranded.bigWig
http://epigenomesportal.ca/tracks/GIS/hg19/64188.GIS.S114_BA41_42.H3K27ac.signal_unstranded.bigWig
http://epigenomesportal.ca/tracks/GIS/hg19/64189.GIS.S115_BA9.H3K27ac.signal_unstranded.bigWig
http://epigenomesportal.ca/tracks/GIS/hg19/64190.GIS.S115_VERMIS.H3K27ac.signal_unstranded.bigWig
http://epigenomesportal.ca/tracks/GIS/hg19/64191.GIS.S116_BA41_42_22.H3K27ac.signal_unstranded.bigWig
http://epigenomesportal.ca/tracks/GIS/hg19/64192.GIS.S116_VERMIS.H3K27ac.signal_unstranded.bigWig
http://epigenomesportal.ca/tracks/GIS/hg19/64193.GIS.S117_VERMIS.H3K27ac.signal_unstranded.bigWig
http://epigenomesportal.ca/tracks/GIS/hg19/64194.GIS.S117_BA9.H3K27ac.signal_unstranded.bigWig
http://epigenomesportal.ca/tracks/GIS/hg19/64195.GIS.H3K27ac_PFC_input.Input.signal_unstranded.bigWig
http://epigenomesportal.ca/tracks/GIS/hg19/64196.GIS.S12_CB.H3K27ac.signal_unstranded.bigWig
http://epigenomesportal.ca/tracks/GIS/hg19/64197.GIS.H3K27ac_TC_input.Input.signal_unstranded.bigWig
http://epigenomesportal.ca/tracks/GIS/hg19/64198.GIS.H3K27ac_CB_input.Input.signal_unstranded.bigWig
http://epigenomesportal.ca/tracks/GIS/hg19/64199.GIS.S1_CB.H3K27ac.signal_unstranded.bigWig
http://epigenomesportal.ca/tracks/GIS/hg19/64200.GIS.S12_BA9.H3K27ac.signal_unstranded.bigWig
http://epigenomesportal.ca/tracks/GIS/hg19/64201.GIS.S13_BA9.H3K27ac.signal_unstranded.bigWig
http://epigenomesportal.ca/tracks/GIS/hg19/64202.GIS.S13_CB.H3K27ac.signal_unstranded.bigWig
http://epigenomesportal.ca/tracks/GIS/hg19/64203.GIS.S14_BA9.H3K27ac.signal_unstranded.bigWig
http://epigenomesportal.ca/tracks/GIS/hg19/64204.GIS.S14_CB.H3K27ac.signal_unstranded.bigWig
http://epigenomesportal.ca/tracks/GIS/hg19/64205.GIS.S14_BA41_42_22.H3K27ac.signal_unstranded.bigWig
http://epigenomesportal.ca/tracks/GIS/hg19/64206.GIS.S15_BA44_45.H3K27ac.signal_unstranded.bigWig
http://epigenomesportal.ca/tracks/GIS/hg19/64207.GIS.S15_BA20_37.H3K27ac.signal_unstranded.bigWig
http://epigenomesportal.ca/tracks/GIS/hg19/64208.GIS.S16_CB.H3K27ac.signal_unstranded.bigWig
http://epigenomesportal.ca/tracks/GIS/hg19/64209.GIS.S17_BA9.H3K27ac.signal_unstranded.bigWig
http://epigenomesportal.ca/tracks/GIS/hg19/64210.GIS.S2_BA9.H3K27ac.signal_unstranded.bigWig
http://epigenomesportal.ca/tracks/GIS/hg19/64211.GIS.S18_BA9.H3K27ac.signal_unstranded.bigWig
http://epigenomesportal.ca/tracks/GIS/hg19/64212.GIS.S19_BA41_42_22.H3K27ac.signal_unstranded.bigWig
http://epigenomesportal.ca/tracks/GIS/hg19/64213.GIS.S19_VERMIS.H3K27ac.signal_unstranded.bigWig
http://epigenomesportal.ca/tracks/GIS/hg19/64214.GIS.S19_BA44_45.H3K27ac.signal_unstranded.bigWig
http://epigenomesportal.ca/tracks/GIS/hg19/64215.GIS.S20_BA9.H3K27ac.signal_unstranded.bigWig
http://epigenomesportal.ca/tracks/GIS/hg19/64216.GIS.S20_BA41_42_22.H3K27ac.signal_unstranded.bigWig
http://epigenomesportal.ca/tracks/GIS/hg19/64217.GIS.S20_CB.H3K27ac.signal_unstranded.bigWig
http://epigenomesportal.ca/tracks/GIS/hg19/64218.GIS.S21_BA9.H3K27ac.signal_unstranded.bigWig
http://epigenomesportal.ca/tracks/GIS/hg19/64219.GIS.S21_VERMIS.H3K27ac.signal_unstranded.bigWig
http://epigenomesportal.ca/tracks/GIS/hg19/64220.GIS.S21_BA41_42_22.H3K27ac.signal_unstranded.bigWig
http://epigenomesportal.ca/tracks/GIS/hg19/64221.GIS.S2_BA41_42_22.H3K27ac.signal_unstranded.bigWig
http://epigenomesportal.ca/tracks/GIS/hg19/64222.GIS.S22_BA9.H3K27ac.signal_unstranded.bigWig
http://epigenomesportal.ca/tracks/GIS/hg19/64223.GIS.S23_BA9.H3K27ac.signal_unstranded.bigWig
http://epigenomesportal.ca/tracks/GIS/hg19/64224.GIS.S23_VERMIS.H3K27ac.signal_unstranded.bigWig
http://epigenomesportal.ca/tracks/GIS/hg19/64225.GIS.S23_BA41_42_22.H3K27ac.signal_unstranded.bigWig
http://epigenomesportal.ca/tracks/GIS/hg19/64226.GIS.S24_BA9.H3K27ac.signal_unstranded.bigWig
http://epigenomesportal.ca/tracks/GIS/hg19/64227.GIS.S24_CB.H3K27ac.signal_unstranded.bigWig
http://epigenomesportal.ca/tracks/GIS/hg19/64228.GIS.S24_BA41_42_22.H3K27ac.signal_unstranded.bigWig
http://epigenomesportal.ca/tracks/GIS/hg19/64229.GIS.S25_BA9.H3K27ac.signal_unstranded.bigWig
http://epigenomesportal.ca/tracks/GIS/hg19/64230.GIS.S25_BA41_42_22.H3K27ac.signal_unstranded.bigWig
http://epigenomesportal.ca/tracks/GIS/hg19/64231.GIS.S25_CB.H3K27ac.signal_unstranded.bigWig
http://epigenomesportal.ca/tracks/GIS/hg19/64232.GIS.S3_BA9.H3K27ac.signal_unstranded.bigWig
http://epigenomesportal.ca/tracks/GIS/hg19/64233.GIS.S26_BA9.H3K27ac.signal_unstranded.bigWig
http://epigenomesportal.ca/tracks/GIS/hg19/64234.GIS.S26_BA41_42_22.H3K27ac.signal_unstranded.bigWig
http://epigenomesportal.ca/tracks/GIS/hg19/64235.GIS.S26_VERMIS.H3K27ac.signal_unstranded.bigWig
http://epigenomesportal.ca/tracks/GIS/hg19/64236.GIS.S27_BA41_42_22.H3K27ac.signal_unstranded.bigWig
http://epigenomesportal.ca/tracks/GIS/hg19/64237.GIS.S28_BA9.H3K27ac.signal_unstranded.bigWig
http://epigenomesportal.ca/tracks/GIS/hg19/64238.GIS.S28_BA41_42_22.H3K27ac.signal_unstranded.bigWig
http://epigenomesportal.ca/tracks/GIS/hg19/64239.GIS.S28_VERMIS.H3K27ac.signal_unstranded.bigWig
http://epigenomesportal.ca/tracks/GIS/hg19/64240.GIS.S29_BA9.H3K27ac.signal_unstranded.bigWig
http://epigenomesportal.ca/tracks/GIS/hg19/64241.GIS.S29_BA41_42_22.H3K27ac.signal_unstranded.bigWig
http://epigenomesportal.ca/tracks/GIS/hg19/64242.GIS.S29_VERMIS.H3K27ac.signal_unstranded.bigWig
http://epigenomesportal.ca/tracks/GIS/hg19/64243.GIS.S3_BA41_42_22.H3K27ac.signal_unstranded.bigWig
http://epigenomesportal.ca/tracks/GIS/hg19/64244.GIS.S30_CB.H3K27ac.signal_unstranded.bigWig
http://epigenomesportal.ca/tracks/GIS/hg19/64245.GIS.S31_BA9.H3K27ac.signal_unstranded.bigWig
http://epigenomesportal.ca/tracks/GIS/hg19/64246.GIS.S31_BA41_42_22.H3K27ac.signal_unstranded.bigWig
http://epigenomesportal.ca/tracks/GIS/hg19/64247.GIS.S31_VERMIS.H3K27ac.signal_unstranded.bigWig
http://epigenomesportal.ca/tracks/GIS/hg19/64248.GIS.S32_BA9.H3K27ac.signal_unstranded.bigWig
http://epigenomesportal.ca/tracks/GIS/hg19/64249.GIS.S32_VERMIS.H3K27ac.signal_unstranded.bigWig
http://epigenomesportal.ca/tracks/GIS/hg19/64250.GIS.S32_BA20_37.H3K27ac.signal_unstranded.bigWig
http://epigenomesportal.ca/tracks/GIS/hg19/64251.GIS.S33_CB.H3K27ac.signal_unstranded.bigWig
http://epigenomesportal.ca/tracks/GIS/hg19/64252.GIS.S34_BA9.H3K27ac.signal_unstranded.bigWig
http://epigenomesportal.ca/tracks/GIS/hg19/64253.GIS.S34_BA41_42_22.H3K27ac.signal_unstranded.bigWig
http://epigenomesportal.ca/tracks/GIS/hg19/64254.GIS.S3_CB.H3K27ac.signal_unstranded.bigWig
http://epigenomesportal.ca/tracks/GIS/hg19/64255.GIS.S35_BA9.H3K27ac.signal_unstranded.bigWig
http://epigenomesportal.ca/tracks/GIS/hg19/64256.GIS.S35_VERMIS.H3K27ac.signal_unstranded.bigWig
http://epigenomesportal.ca/tracks/GIS/hg19/64257.GIS.S35_BA41_42_22.H3K27ac.signal_unstranded.bigWig
http://epigenomesportal.ca/tracks/GIS/hg19/64258.GIS.S36_BA41_42_22.H3K27ac.signal_unstranded.bigWig
http://epigenomesportal.ca/tracks/GIS/hg19/64259.GIS.S36_BA9.H3K27ac.signal_unstranded.bigWig
http://epigenomesportal.ca/tracks/GIS/hg19/64260.GIS.S37_BA9.H3K27ac.signal_unstranded.bigWig
http://epigenomesportal.ca/tracks/GIS/hg19/64261.GIS.S37_BA41_42_22.H3K27ac.signal_unstranded.bigWig
http://epigenomesportal.ca/tracks/GIS/hg19/64262.GIS.S37_VERMIS.H3K27ac.signal_unstranded.bigWig
http://epigenomesportal.ca/tracks/GIS/hg19/64263.GIS.S38_BA41_42_22.H3K27ac.signal_unstranded.bigWig
http://epigenomesportal.ca/tracks/GIS/hg19/64264.GIS.S38_BA9.H3K27ac.signal_unstranded.bigWig
http://epigenomesportal.ca/tracks/GIS/hg19/64265.GIS.S4_BA9.H3K27ac.signal_unstranded.bigWig
http://epigenomesportal.ca/tracks/GIS/hg19/64266.GIS.S38_VERMIS.H3K27ac.signal_unstranded.bigWig
http://epigenomesportal.ca/tracks/GIS/hg19/64267.GIS.S39_BA38.H3K27ac.signal_unstranded.bigWig
http://epigenomesportal.ca/tracks/GIS/hg19/64268.GIS.S39_BA9.H3K27ac.signal_unstranded.bigWig
http://epigenomesportal.ca/tracks/GIS/hg19/64269.GIS.S39_BA44_45.H3K27ac.signal_unstranded.bigWig
http://epigenomesportal.ca/tracks/GIS/hg19/64270.GIS.S40_BA9.H3K27ac.signal_unstranded.bigWig
http://epigenomesportal.ca/tracks/GIS/hg19/64271.GIS.S40_CB.H3K27ac.signal_unstranded.bigWig
http://epigenomesportal.ca/tracks/GIS/hg19/64272.GIS.S40_BA41_42_22.H3K27ac.signal_unstranded.bigWig
http://epigenomesportal.ca/tracks/GIS/hg19/64273.GIS.S41_BA9.H3K27ac.signal_unstranded.bigWig
http://epigenomesportal.ca/tracks/GIS/hg19/64274.GIS.S41_VERMIS.H3K27ac.signal_unstranded.bigWig
http://epigenomesportal.ca/tracks/GIS/hg19/64275.GIS.S41_BA41_42_22.H3K27ac.signal_unstranded.bigWig
